<?xml version="1.0" encoding="utf-8"?><testsuites name="pytest tests"><testsuite name="pytest" errors="0" failures="0" skipped="0" tests="0" time="0.037" timestamp="2025-07-02T13:59:14.946361+08:00" hostname="DESKTOP-1DBMML5" /></testsuites>